
[TestEach_MissingTreeFile - 1]

---

[TestEach_InvalidTreeFileJSON - 1]

---

[TestEach_FromTreeFile - 1]
Running command for 2 project(s)...

📦 [1/2] auth
auth:/test-workspace/auth
### Patch Changes - Improving the performance of the authentication module.
✓ Success

------------------------------------------------------------

📦 [2/2] api
api:/test-workspace/api
### Patch Changes - Restructuring API endpoints for better clarity.
✓ Success

---

[TestEach_NoCommand - 1]

---
